// Jest Snapshot v1, https://goo.gl/fbAQLP

exports[`renders accurately 1`] = `
<nav>
  <div
    className="n-title"
  >
    more
  </div>
  <button
    onClick={[Function]}
    type="button"
  >
    <i
      className="fas fa-power-off"
    />
  </button>
</nav>
`;
