// Jest Snapshot v1, https://goo.gl/fbAQLP

exports[`renders accurately 1`] = `
<div
  className="authen-page"
>
  <div>
    <i
      className="fas fa-user-circle"
    />
  </div>
  <form
    onSubmit={[Function]}
  >
    <input
      placeholder="Your username please"
      required={true}
      type="text"
    />
    <input
      placeholder="Your email please"
      required={true}
      type="email"
    />
    <input
      placeholder="Password"
      required={true}
      type="password"
    />
    <input
      placeholder="Your age please"
      required={true}
      type="age"
    />
    <input
      placeholder="male/female"
      required={true}
      type="sex"
    />
    <label
      htmlFor="present_measure"
    >
      <span>
        Your current calorie  measure
      </span>
      <input
        id="present_measure"
        max="20"
        min="0"
        name="present_measure"
        placeholder="Enter 0 ~ 9"
        required={true}
        step=".5"
        type="number"
      />
    </label>
    <label
      htmlFor="proposed_measure"
    >
      <span>
        Your proposed calorie measure
      </span>
      <input
        id="proposed_measure"
        max="20"
        min="0"
        name="proposed_measure"
        placeholder="Enter 0 ~ 9"
        required={true}
        step=".5"
        type="number"
      />
    </label>
    <button
      type="submit"
    >
      Submit
    </button>
  </form>
  <div
    className="authen-text"
  >
    Back to
    <a
      href="/log_in"
      onClick={[Function]}
    >
      Log in page
    </a>
  </div>
</div>
`;
