// Jest Snapshot v1, https://goo.gl/fbAQLP

exports[`renders accurately 1`] = `null`;
